// Jest Snapshot v1, https://goo.gl/fbAQLP

exports[`Button Test should be match with the snapshot 1`] = `
<button
  type="submit"
>
  Submit
</button>
`;
